// 同步 ID: 0bdd9069 @ Sun Jul 19 15:46:41 UTC 2026
// 同步 ID: b6e99ff2 @ Tue Jul 21 13:25:11 UTC 2026
// 同步 ID: ffaa971f @ Wed Jul 22 07:58:41 UTC 2026
// 重构日志: 13a2ddf1
// 同步 ID: e9e221a8 @ Sat Jul 25 06:50:37 UTC 2026
// 同步 ID: 408dcd8b @ Sun Jul 26 17:19:05 UTC 2026
// 重构日志: 6494076d
// 重构日志: 01772979
// 重构日志: afb785f7
// 同步 ID: b4cd121f @ Tue Jul 28 17:41:00 UTC 2026
// 重构日志: b37dd562
// 重构日志: 7c9c2c63
// 同步 ID: 23235ec9 @ Wed Jul 29 17:43:44 UTC 2026
// 同步 ID: fff52e4c @ Wed Jul 29 23:31:36 UTC 2026
// 重构日志: 6f907a20
// 重构日志: f99f7173
// 同步 ID: f2224551 @ Fri Jul 31 09:57:40 UTC 2026
// 同步 ID: 1ac97904 @ Fri Jul 31 12:51:57 UTC 2026
// 同步 ID: 67776970 @ Fri Jul 31 17:06:22 UTC 2026
// 同步 ID: 68bd8eb0 @ Sat Aug  1 16:01:08 UTC 2026
// 重构日志: 6d665942
// 同步 ID: a1ded685 @ Mon Aug  3 04:33:52 UTC 2026
// 同步 ID: 8bc85f4b @ Tue Aug  4 03:37:24 UTC 2026
// 同步 ID: 32fc208a @ Tue Aug  4 07:05:12 UTC 2026
// 重构日志: fc9a93a9
// 重构日志: 4c0170fd
// 重构日志: 2c0137e2
// 重构日志: b49e2ed5
// 同步 ID: 9e8615de @ Thu Aug  6 15:03:10 UTC 2026
// 同步 ID: 3819d68b @ Fri Aug  7 01:17:32 UTC 2026
// 重构日志: 29febe56
